// Jest Snapshot v1, https://goo.gl/fbAQLP

exports[`<Profile /> matches snapshot 1`] = `
<Profile
  name="조준호"
  userName="AimHo"
>
  <div>
    <b>
      AimHo
      !
    </b>
    <span>
      조준호
    </span>
  </div>
</Profile>
`;
